// Jest Snapshot v1, https://goo.gl/fbAQLP

exports[`Heading component should render empty h1 tag by default 1`] = `
<h1
  className="Heading-title-0-1-1 Heading-h1-0-1-3"
/>
`;

exports[`Heading component should render text and sub-text inside if given 1`] = `
<h1
  className="Heading-title-0-1-6 Heading-h1-0-1-8"
>
  My headline
  <span
    className="Heading-sub-0-1-7"
  >
    My sub-headline
  </span>
</h1>
`;
